stm32wbxx_ll_pwr.h:489:26:LL_PWR_GetRegulVoltageScaling	4	static
stm32wbxx_ll_rcc.h:1306:22:LL_RCC_HSE_Enable	4	static
stm32wbxx_ll_rcc.h:1326:26:LL_RCC_HSE_IsReady	4	static
stm32wbxx_ll_rcc.h:1468:22:LL_RCC_HSI_Enable	4	static
stm32wbxx_ll_rcc.h:1488:26:LL_RCC_HSI_IsReady	4	static
stm32wbxx_ll_rcc.h:1838:22:LL_RCC_MSI_Enable	4	static
stm32wbxx_ll_rcc.h:1858:26:LL_RCC_MSI_IsReady	4	static
stm32wbxx_ll_rcc.h:1930:26:LL_RCC_MSI_GetRange	16	static
stm32wbxx_ll_rcc.h:2046:22:LL_RCC_SetSysClkSource	16	static
stm32wbxx_ll_rcc.h:2060:26:LL_RCC_GetSysClkSource	4	static
stm32wbxx_ll_rcc.h:2134:22:LL_RCC_SetAHBPrescaler	16	static
stm32wbxx_ll_rcc.h:2159:22:LL_C2_RCC_SetAHBPrescaler	16	static
stm32wbxx_ll_rcc.h:2184:22:LL_RCC_SetAHB4Prescaler	16	static
stm32wbxx_ll_rcc.h:2200:22:LL_RCC_SetAPB1Prescaler	16	static
stm32wbxx_ll_rcc.h:2216:22:LL_RCC_SetAPB2Prescaler	16	static
stm32wbxx_ll_rcc.h:2240:26:LL_RCC_GetAHBPrescaler	4	static
stm32wbxx_ll_rcc.h:2288:26:LL_RCC_GetAHB4Prescaler	4	static
stm32wbxx_ll_rcc.h:2924:22:LL_RCC_PLL_Enable	4	static
stm32wbxx_ll_rcc.h:2945:26:LL_RCC_PLL_IsReady	4	static
stm32wbxx_ll_rcc.h:2981:22:LL_RCC_PLL_ConfigDomain_SYS	24	static
stm32wbxx_ll_rcc.h:3338:22:LL_RCC_PLL_EnableDomain_SYS	4	static
stm32wbxx_ll_rcc.h:3390:26:LL_RCC_PLLSAI1_IsReady	4	static
stm32wbxx_ll_system.h:1974:22:LL_FLASH_SetLatency	16	static
stm32wbxx_ll_system.h:1988:26:LL_FLASH_GetLatency	4	static
stm32wbxx_ll_utils.h:262:22:LL_InitTick	16	static
stm32wbxx_ll_utils.c:159:6:LL_Init1msTick	16	static
stm32wbxx_ll_utils.c:176:6:LL_mDelay	24	static
stm32wbxx_ll_utils.c:245:6:LL_SetSystemCoreClock	16	static
stm32wbxx_ll_utils.c:259:13:LL_SetFlashLatency	96	static
stm32wbxx_ll_utils.c:368:13:LL_PLL_ConfigSystemClock_MSI	32	static
stm32wbxx_ll_utils.c:466:13:LL_PLL_ConfigSystemClock_HSI	32	static
stm32wbxx_ll_utils.c:535:13:LL_PLL_ConfigSystemClock_HSE	40	static
stm32wbxx_ll_utils.c:618:17:UTILS_GetPLLOutputFrequency	24	static
stm32wbxx_ll_utils.c:649:20:UTILS_PLL_IsBusy	16	static
stm32wbxx_ll_utils.c:680:20:UTILS_EnablePLLAndSwitchSystem	32	static
