stm32wbxx_ll_rcc.h:2670:26:LL_RCC_GetUSARTClockSource	16	static
stm32wbxx_hal_smartcard.c:316:19:HAL_SMARTCARD_Init	16	static
stm32wbxx_hal_smartcard.c:389:19:HAL_SMARTCARD_DeInit	16	static
stm32wbxx_hal_smartcard.c:439:13:HAL_SMARTCARD_MspInit	16	static
stm32wbxx_hal_smartcard.c:455:13:HAL_SMARTCARD_MspDeInit	16	static
stm32wbxx_hal_smartcard.c:801:19:HAL_SMARTCARD_Transmit	40	static
stm32wbxx_hal_smartcard.c:907:19:HAL_SMARTCARD_Receive	40	static
stm32wbxx_hal_smartcard.c:975:19:HAL_SMARTCARD_Transmit_IT	24	static
stm32wbxx_hal_smartcard.c:1069:19:HAL_SMARTCARD_Receive_IT	24	static
stm32wbxx_hal_smartcard.c:1133:19:HAL_SMARTCARD_Transmit_DMA	24	static
stm32wbxx_hal_smartcard.c:1231:19:HAL_SMARTCARD_Receive_DMA	24	static
stm32wbxx_hal_smartcard.c:1311:19:HAL_SMARTCARD_Abort	16	static
stm32wbxx_hal_smartcard.c:1401:19:HAL_SMARTCARD_AbortTransmit	16	static
stm32wbxx_hal_smartcard.c:1464:19:HAL_SMARTCARD_AbortReceive	16	static
stm32wbxx_hal_smartcard.c:1531:19:HAL_SMARTCARD_Abort_IT	24	static
stm32wbxx_hal_smartcard.c:1671:19:HAL_SMARTCARD_AbortTransmit_IT	16	static
stm32wbxx_hal_smartcard.c:1766:19:HAL_SMARTCARD_AbortReceive_IT	16	static
stm32wbxx_hal_smartcard.c:1859:6:HAL_SMARTCARD_IRQHandler	40	static
stm32wbxx_hal_smartcard.c:2144:13:HAL_SMARTCARD_TxCpltCallback	16	static
stm32wbxx_hal_smartcard.c:2160:13:HAL_SMARTCARD_RxCpltCallback	16	static
stm32wbxx_hal_smartcard.c:2176:13:HAL_SMARTCARD_ErrorCallback	16	static
stm32wbxx_hal_smartcard.c:2192:13:HAL_SMARTCARD_AbortCpltCallback	16	static
stm32wbxx_hal_smartcard.c:2208:13:HAL_SMARTCARD_AbortTransmitCpltCallback	16	static
stm32wbxx_hal_smartcard.c:2224:13:HAL_SMARTCARD_AbortReceiveCpltCallback	16	static
stm32wbxx_hal_smartcard.c:2263:28:HAL_SMARTCARD_GetState	24	static
stm32wbxx_hal_smartcard.c:2280:10:HAL_SMARTCARD_GetError	16	static
stm32wbxx_hal_smartcard.c:2324:26:SMARTCARD_SetConfig	32	static
stm32wbxx_hal_smartcard.c:2447:13:SMARTCARD_AdvFeatureConfig	16	static
stm32wbxx_hal_smartcard.c:2509:26:SMARTCARD_CheckIdleState	32	static
stm32wbxx_hal_smartcard.c:2562:26:SMARTCARD_WaitOnFlagUntilTimeout	24	static
stm32wbxx_hal_smartcard.c:2596:13:SMARTCARD_EndTxTransfer	16	static
stm32wbxx_hal_smartcard.c:2613:13:SMARTCARD_EndRxTransfer	16	static
stm32wbxx_hal_smartcard.c:2630:13:SMARTCARD_DMATransmitCplt	24	static
stm32wbxx_hal_smartcard.c:2649:13:SMARTCARD_DMAReceiveCplt	24	static
stm32wbxx_hal_smartcard.c:2680:13:SMARTCARD_DMAError	24	static
stm32wbxx_hal_smartcard.c:2720:13:SMARTCARD_DMAAbortOnError	24	static
stm32wbxx_hal_smartcard.c:2743:13:SMARTCARD_DMATxAbortCallback	24	static
stm32wbxx_hal_smartcard.c:2792:13:SMARTCARD_DMARxAbortCallback	24	static
stm32wbxx_hal_smartcard.c:2841:13:SMARTCARD_DMATxOnlyAbortCallback	24	static
stm32wbxx_hal_smartcard.c:2870:13:SMARTCARD_DMARxOnlyAbortCallback	24	static
stm32wbxx_hal_smartcard.c:2902:13:SMARTCARD_TxISR	16	static
stm32wbxx_hal_smartcard.c:2933:13:SMARTCARD_TxISR_FIFOEN	24	static
stm32wbxx_hal_smartcard.c:2970:13:SMARTCARD_EndTransmit_IT	16	static
stm32wbxx_hal_smartcard.c:3023:13:SMARTCARD_RxISR	16	static
stm32wbxx_hal_smartcard.c:3076:13:SMARTCARD_RxISR_FIFOEN	24	static
