stm32wbxx_ll_rcc.h:2670:26:LL_RCC_GetUSARTClockSource	16	static
stm32wbxx_hal_usart.c:274:19:HAL_USART_Init	16	static
stm32wbxx_hal_usart.c:335:19:HAL_USART_DeInit	16	static
stm32wbxx_hal_usart.c:378:13:HAL_USART_MspInit	16	static
stm32wbxx_hal_usart.c:393:13:HAL_USART_MspDeInit	16	static
stm32wbxx_hal_usart.c:744:19:HAL_USART_Transmit	48	static
stm32wbxx_hal_usart.c:842:19:HAL_USART_Receive	48	static
stm32wbxx_hal_usart.c:955:19:HAL_USART_TransmitReceive	64	static
stm32wbxx_hal_usart.c:1102:19:HAL_USART_Transmit_IT	24	static
stm32wbxx_hal_usart.c:1186:19:HAL_USART_Receive_IT	32	static
stm32wbxx_hal_usart.c:1291:19:HAL_USART_TransmitReceive_IT	24	static
stm32wbxx_hal_usart.c:1388:19:HAL_USART_Transmit_DMA	32	static
stm32wbxx_hal_usart.c:1474:19:HAL_USART_Receive_DMA	32	static
stm32wbxx_hal_usart.c:1592:19:HAL_USART_TransmitReceive_DMA	32	static
stm32wbxx_hal_usart.c:1709:19:HAL_USART_DMAPause	24	static
stm32wbxx_hal_usart.c:1756:19:HAL_USART_DMAResume	24	static
stm32wbxx_hal_usart.c:1800:19:HAL_USART_DMAStop	16	static
stm32wbxx_hal_usart.c:1866:19:HAL_USART_Abort	16	static
stm32wbxx_hal_usart.c:1967:19:HAL_USART_Abort_IT	24	static
stm32wbxx_hal_usart.c:2097:6:HAL_USART_IRQHandler	40	static
stm32wbxx_hal_usart.c:2327:13:HAL_USART_TxCpltCallback	16	static
stm32wbxx_hal_usart.c:2342:13:HAL_USART_TxHalfCpltCallback	16	static
stm32wbxx_hal_usart.c:2357:13:HAL_USART_RxCpltCallback	16	static
stm32wbxx_hal_usart.c:2372:13:HAL_USART_RxHalfCpltCallback	16	static
stm32wbxx_hal_usart.c:2387:13:HAL_USART_TxRxCpltCallback	16	static
stm32wbxx_hal_usart.c:2402:13:HAL_USART_ErrorCallback	16	static
stm32wbxx_hal_usart.c:2417:13:HAL_USART_AbortCpltCallback	16	static
stm32wbxx_hal_usart.c:2454:24:HAL_USART_GetState	16	static
stm32wbxx_hal_usart.c:2465:10:HAL_USART_GetError	16	static
stm32wbxx_hal_usart.c:2508:13:USART_EndTransfer	16	static
stm32wbxx_hal_usart.c:2523:13:USART_DMATransmitCplt	24	static
stm32wbxx_hal_usart.c:2563:13:USART_DMATxHalfCplt	24	static
stm32wbxx_hal_usart.c:2581:13:USART_DMAReceiveCplt	24	static
stm32wbxx_hal_usart.c:2656:13:USART_DMARxHalfCplt	24	static
stm32wbxx_hal_usart.c:2674:13:USART_DMAError	24	static
stm32wbxx_hal_usart.c:2700:13:USART_DMAAbortOnError	24	static
stm32wbxx_hal_usart.c:2723:13:USART_DMATxAbortCallback	24	static
stm32wbxx_hal_usart.c:2771:13:USART_DMARxAbortCallback	24	static
stm32wbxx_hal_usart.c:2819:26:USART_WaitOnFlagUntilTimeout	24	static
stm32wbxx_hal_usart.c:2846:26:USART_SetConfig	40	static
stm32wbxx_hal_usart.c:2946:26:USART_CheckIdleState	32	static
stm32wbxx_hal_usart.c:2996:13:USART_TxISR_8BIT	24	static
stm32wbxx_hal_usart.c:3031:13:USART_TxISR_16BIT	24	static
stm32wbxx_hal_usart.c:3067:13:USART_TxISR_8BIT_FIFOEN	24	static
stm32wbxx_hal_usart.c:3112:13:USART_TxISR_16BIT_FIFOEN	24	static
stm32wbxx_hal_usart.c:3155:13:USART_EndTransmit_IT	16	static
stm32wbxx_hal_usart.c:3212:13:USART_RxISR_8BIT	24	static
stm32wbxx_hal_usart.c:3300:13:USART_RxISR_16BIT	32	static
stm32wbxx_hal_usart.c:3390:13:USART_RxISR_8BIT_FIFOEN	32	static
stm32wbxx_hal_usart.c:3519:13:USART_RxISR_16BIT_FIFOEN	32	static
