stm32wbxx_ll_rcc.h:2670:26:LL_RCC_GetUSARTClockSource	16	static
stm32wbxx_hal_irda.c:326:19:HAL_IRDA_Init	16	static
stm32wbxx_hal_irda.c:391:19:HAL_IRDA_DeInit	16	static
stm32wbxx_hal_irda.c:434:13:HAL_IRDA_MspInit	16	static
stm32wbxx_hal_irda.c:450:13:HAL_IRDA_MspDeInit	16	static
stm32wbxx_hal_irda.c:795:19:HAL_IRDA_Transmit	48	static
stm32wbxx_hal_irda.c:884:19:HAL_IRDA_Receive	48	static
stm32wbxx_hal_irda.c:974:19:HAL_IRDA_Transmit_IT	24	static
stm32wbxx_hal_irda.c:1019:19:HAL_IRDA_Receive_IT	24	static
stm32wbxx_hal_irda.c:1071:19:HAL_IRDA_Transmit_DMA	24	static
stm32wbxx_hal_irda.c:1151:19:HAL_IRDA_Receive_DMA	24	static
stm32wbxx_hal_irda.c:1227:19:HAL_IRDA_DMAPause	16	static
stm32wbxx_hal_irda.c:1265:19:HAL_IRDA_DMAResume	16	static
stm32wbxx_hal_irda.c:1300:19:HAL_IRDA_DMAStop	16	static
stm32wbxx_hal_irda.c:1377:19:HAL_IRDA_Abort	16	static
stm32wbxx_hal_irda.c:1463:19:HAL_IRDA_AbortTransmit	16	static
stm32wbxx_hal_irda.c:1515:19:HAL_IRDA_AbortReceive	16	static
stm32wbxx_hal_irda.c:1573:19:HAL_IRDA_Abort_IT	24	static
stm32wbxx_hal_irda.c:1705:19:HAL_IRDA_AbortTransmit_IT	16	static
stm32wbxx_hal_irda.c:1783:19:HAL_IRDA_AbortReceive_IT	16	static
stm32wbxx_hal_irda.c:1859:6:HAL_IRDA_IRQHandler	32	static
stm32wbxx_hal_irda.c:2017:13:HAL_IRDA_TxCpltCallback	16	static
stm32wbxx_hal_irda.c:2033:13:HAL_IRDA_TxHalfCpltCallback	16	static
stm32wbxx_hal_irda.c:2049:13:HAL_IRDA_RxCpltCallback	16	static
stm32wbxx_hal_irda.c:2065:13:HAL_IRDA_RxHalfCpltCallback	16	static
stm32wbxx_hal_irda.c:2081:13:HAL_IRDA_ErrorCallback	16	static
stm32wbxx_hal_irda.c:2097:13:HAL_IRDA_AbortCpltCallback	16	static
stm32wbxx_hal_irda.c:2113:13:HAL_IRDA_AbortTransmitCpltCallback	16	static
stm32wbxx_hal_irda.c:2129:13:HAL_IRDA_AbortReceiveCpltCallback	16	static
stm32wbxx_hal_irda.c:2168:23:HAL_IRDA_GetState	24	static
stm32wbxx_hal_irda.c:2184:10:HAL_IRDA_GetError	16	static
stm32wbxx_hal_irda.c:2228:26:IRDA_SetConfig	32	static
stm32wbxx_hal_irda.c:2308:26:IRDA_CheckIdleState	32	static
stm32wbxx_hal_irda.c:2359:26:IRDA_WaitOnFlagUntilTimeout	24	static
stm32wbxx_hal_irda.c:2392:13:IRDA_EndTxTransfer	16	static
stm32wbxx_hal_irda.c:2408:13:IRDA_EndRxTransfer	16	static
stm32wbxx_hal_irda.c:2425:13:IRDA_DMATransmitCplt	24	static
stm32wbxx_hal_irda.c:2461:13:IRDA_DMATransmitHalfCplt	24	static
stm32wbxx_hal_irda.c:2480:13:IRDA_DMAReceiveCplt	24	static
stm32wbxx_hal_irda.c:2516:13:IRDA_DMAReceiveHalfCplt	24	static
stm32wbxx_hal_irda.c:2535:13:IRDA_DMAError	24	static
stm32wbxx_hal_irda.c:2575:13:IRDA_DMAAbortOnError	24	static
stm32wbxx_hal_irda.c:2598:13:IRDA_DMATxAbortCallback	24	static
stm32wbxx_hal_irda.c:2646:13:IRDA_DMARxAbortCallback	24	static
stm32wbxx_hal_irda.c:2694:13:IRDA_DMATxOnlyAbortCallback	24	static
stm32wbxx_hal_irda.c:2721:13:IRDA_DMARxOnlyAbortCallback	24	static
stm32wbxx_hal_irda.c:2751:13:IRDA_Transmit_IT	24	static
stm32wbxx_hal_irda.c:2790:13:IRDA_EndTransmit_IT	16	static
stm32wbxx_hal_irda.c:2815:13:IRDA_Receive_IT	24	static
