core_cm4.h:1933:34:__NVIC_SystemReset	4	static,ignoring_inline_asm
stm32wbxx_ll_system.h:2221:26:LL_FLASH_GetUDN	4	static
stm32wbxx_ll_system.h:2233:26:LL_FLASH_GetDeviceID	4	static
stm32wbxx_ll_system.h:2245:26:LL_FLASH_GetSTCompanyID	4	static
app_ble.c:127:6:APP_BLE_Init	64	static
app_ble.c:225:28:SVCCTL_App_Notification	32	static
app_ble.c:302:6:APP_BLE_Key_Button1_Action	4	static
app_ble.c:307:6:APP_BLE_Key_Button2_Action	4	static
app_ble.c:312:6:APP_BLE_Key_Button3_Action	4	static
app_ble.c:322:13:Ble_Tl_Init	16	static
app_ble.c:333:13:Ble_Hci_Gap_Gatt_Init	56	static
app_ble.c:421:13:Beacon_Update	24	static
app_ble.c:456:16:BleGetBdAddress	32	static
app_ble.c:516:6:hci_notify_asynch_evt	16	static
app_ble.c:522:6:hci_cmd_resp_release	16	static
app_ble.c:528:6:hci_cmd_resp_wait	16	static
app_ble.c:534:13:BLE_UserEvtRx	24	static
app_ble.c:552:13:BLE_StatusNot	24	static
app_ble.c:583:6:SVCCTL_ResumeUserEventFlow	8	static
